Archive member included to satisfy reference by file (symbol)

d:/ict engineering/atmel/7.0/toolchain/avr8/avr8-gnu-toolchain/bin/../lib/gcc/avr/4.9.2/avr5\libgcc.a(_udivmodsi4.o)
                              src/serial/serial.o (__udivmodsi4)
d:/ict engineering/atmel/7.0/toolchain/avr8/avr8-gnu-toolchain/bin/../lib/gcc/avr/4.9.2/avr5\libgcc.a(_exit.o)
                              D:/ICT engineering/Atmel/7.0/Packs/atmel/ATmega_DFP/1.0.106/gcc/dev/atmega324pa/avr5/crtatmega324pa.o (exit)
d:/ict engineering/atmel/7.0/toolchain/avr8/avr8-gnu-toolchain/bin/../lib/gcc/avr/4.9.2/avr5\libgcc.a(_copy_data.o)
                              main.o (__do_copy_data)
d:/ict engineering/atmel/7.0/toolchain/avr8/avr8-gnu-toolchain/bin/../lib/gcc/avr/4.9.2/avr5\libgcc.a(_clear_bss.o)
                              main.o (__do_clear_bss)
d:/ict engineering/atmel/7.0/toolchain/avr8/avr8-gnu-toolchain/bin/../lib/gcc/avr/4.9.2/../../../../avr/lib/avr5\libc.a(malloc.o)
                              src/serial/serial.o (malloc)
d:/ict engineering/atmel/7.0/toolchain/avr8/avr8-gnu-toolchain/bin/../lib/gcc/avr/4.9.2/../../../../avr/lib/avr5\libc.a(rand.o)
                              main.o (rand)
d:/ict engineering/atmel/7.0/toolchain/avr8/avr8-gnu-toolchain/bin/../lib/gcc/avr/4.9.2/../../../../avr/lib/avr5\libc.a(memcpy.o)
                              src/FreeRTOS/Source/queue.o (memcpy)
d:/ict engineering/atmel/7.0/toolchain/avr8/avr8-gnu-toolchain/bin/../lib/gcc/avr/4.9.2/../../../../avr/lib/avr5\libc.a(memset.o)
                              src/FreeRTOS/Source/tasks.o (memset)
d:/ict engineering/atmel/7.0/toolchain/avr8/avr8-gnu-toolchain/bin/../lib/gcc/avr/4.9.2/avr5\libgcc.a(_divmodsi4.o)
                              d:/ict engineering/atmel/7.0/toolchain/avr8/avr8-gnu-toolchain/bin/../lib/gcc/avr/4.9.2/../../../../avr/lib/avr5\libc.a(rand.o) (__divmodsi4)
d:/ict engineering/atmel/7.0/toolchain/avr8/avr8-gnu-toolchain/bin/../lib/gcc/avr/4.9.2/avr5\libgcc.a(_negsi2.o)
                              d:/ict engineering/atmel/7.0/toolchain/avr8/avr8-gnu-toolchain/bin/../lib/gcc/avr/4.9.2/avr5\libgcc.a(_divmodsi4.o) (__negsi2)
d:/ict engineering/atmel/7.0/toolchain/avr8/avr8-gnu-toolchain/bin/../lib/gcc/avr/4.9.2/avr5\libgcc.a(_muluhisi3.o)
                              d:/ict engineering/atmel/7.0/toolchain/avr8/avr8-gnu-toolchain/bin/../lib/gcc/avr/4.9.2/../../../../avr/lib/avr5\libc.a(rand.o) (__muluhisi3)
d:/ict engineering/atmel/7.0/toolchain/avr8/avr8-gnu-toolchain/bin/../lib/gcc/avr/4.9.2/avr5\libgcc.a(_mulshisi3.o)
                              d:/ict engineering/atmel/7.0/toolchain/avr8/avr8-gnu-toolchain/bin/../lib/gcc/avr/4.9.2/../../../../avr/lib/avr5\libc.a(rand.o) (__mulohisi3)
d:/ict engineering/atmel/7.0/toolchain/avr8/avr8-gnu-toolchain/bin/../lib/gcc/avr/4.9.2/avr5\libgcc.a(_umulhisi3.o)
                              d:/ict engineering/atmel/7.0/toolchain/avr8/avr8-gnu-toolchain/bin/../lib/gcc/avr/4.9.2/avr5\libgcc.a(_muluhisi3.o) (__umulhisi3)

Allocating common symbols
Common symbol       size              file

input               0x6               main.o
__brkval            0x2               d:/ict engineering/atmel/7.0/toolchain/avr8/avr8-gnu-toolchain/bin/../lib/gcc/avr/4.9.2/../../../../avr/lib/avr5\libc.a(malloc.o)
__flp               0x2               d:/ict engineering/atmel/7.0/toolchain/avr8/avr8-gnu-toolchain/bin/../lib/gcc/avr/4.9.2/../../../../avr/lib/avr5\libc.a(malloc.o)

Discarded input sections

 .data          0x00000000        0x0 D:/ICT engineering/Atmel/7.0/Packs/atmel/ATmega_DFP/1.0.106/gcc/dev/atmega324pa/avr5/crtatmega324pa.o
 .bss           0x00000000        0x0 D:/ICT engineering/Atmel/7.0/Packs/atmel/ATmega_DFP/1.0.106/gcc/dev/atmega324pa/avr5/crtatmega324pa.o
 .text          0x00000000        0x0 main.o
 .data          0x00000000        0x0 main.o
 .bss           0x00000000        0x0 main.o
 .text.another_task
                0x00000000       0x94 main.o
 .text.comSender_task
                0x00000000        0x2 main.o
 .text.comReceiver_task
                0x00000000        0x2 main.o
 COMMON         0x00000000        0x6 main.o
 .text          0x00000000        0x0 src/board/board.o
 .data          0x00000000        0x0 src/board/board.o
 .bss           0x00000000        0x0 src/board/board.o
 .text.init_com
                0x00000000        0xa src/board/board.o
 .text          0x00000000        0x0 src/buffer/buffer.o
 .data          0x00000000        0x0 src/buffer/buffer.o
 .bss           0x00000000        0x0 src/buffer/buffer.o
 .text.buffer_is_empty
                0x00000000        0xe src/buffer/buffer.o
 .text.buffer_no_of_items
                0x00000000        0x6 src/buffer/buffer.o
 .text.buffer_clear
                0x00000000        0xa src/buffer/buffer.o
 .text          0x00000000        0x0 src/FreeRTOS/Source/croutine.o
 .data          0x00000000        0x0 src/FreeRTOS/Source/croutine.o
 .bss           0x00000000        0x0 src/FreeRTOS/Source/croutine.o
 .text.xCoRoutineCreate
                0x00000000       0xf0 src/FreeRTOS/Source/croutine.o
 .text.vCoRoutineAddToDelayedList
                0x00000000       0x86 src/FreeRTOS/Source/croutine.o
 .text.vCoRoutineSchedule
                0x00000000      0x27a src/FreeRTOS/Source/croutine.o
 .text.xCoRoutineRemoveFromEventList
                0x00000000       0x4a src/FreeRTOS/Source/croutine.o
 .bss.xPassedTicks
                0x00000000        0x2 src/FreeRTOS/Source/croutine.o
 .bss.xLastTickCount
                0x00000000        0x2 src/FreeRTOS/Source/croutine.o
 .bss.xCoRoutineTickCount
                0x00000000        0x2 src/FreeRTOS/Source/croutine.o
 .bss.uxTopCoRoutineReadyPriority
                0x00000000        0x1 src/FreeRTOS/Source/croutine.o
 .bss.pxCurrentCoRoutine
                0x00000000        0x2 src/FreeRTOS/Source/croutine.o
 .bss.xPendingReadyCoRoutineList
                0x00000000        0x9 src/FreeRTOS/Source/croutine.o
 .bss.pxOverflowDelayedCoRoutineList
                0x00000000        0x2 src/FreeRTOS/Source/croutine.o
 .bss.pxDelayedCoRoutineList
                0x00000000        0x2 src/FreeRTOS/Source/croutine.o
 .bss.xDelayedCoRoutineList2
                0x00000000        0x9 src/FreeRTOS/Source/croutine.o
 .bss.xDelayedCoRoutineList1
                0x00000000        0x9 src/FreeRTOS/Source/croutine.o
 .bss.pxReadyCoRoutineLists
                0x00000000       0x12 src/FreeRTOS/Source/croutine.o
 .debug_info    0x00000000      0x7ca src/FreeRTOS/Source/croutine.o
 .debug_abbrev  0x00000000      0x257 src/FreeRTOS/Source/croutine.o
 .debug_loc     0x00000000      0x3eb src/FreeRTOS/Source/croutine.o
 .debug_aranges
                0x00000000       0x38 src/FreeRTOS/Source/croutine.o
 .debug_ranges  0x00000000       0x28 src/FreeRTOS/Source/croutine.o
 .debug_line    0x00000000      0x3be src/FreeRTOS/Source/croutine.o
 .debug_str     0x00000000      0x547 src/FreeRTOS/Source/croutine.o
 .comment       0x00000000       0x31 src/FreeRTOS/Source/croutine.o
 .debug_frame   0x00000000       0xc0 src/FreeRTOS/Source/croutine.o
 .text          0x00000000        0x0 src/FreeRTOS/Source/event_groups.o
 .data          0x00000000        0x0 src/FreeRTOS/Source/event_groups.o
 .bss           0x00000000        0x0 src/FreeRTOS/Source/event_groups.o
 .text.xEventGroupCreate
                0x00000000       0x26 src/FreeRTOS/Source/event_groups.o
 .text.xEventGroupWaitBits
                0x00000000      0x110 src/FreeRTOS/Source/event_groups.o
 .text.xEventGroupClearBits
                0x00000000       0x1e src/FreeRTOS/Source/event_groups.o
 .text.xEventGroupGetBitsFromISR
                0x00000000        0x8 src/FreeRTOS/Source/event_groups.o
 .text.xEventGroupSetBits
                0x00000000       0xdc src/FreeRTOS/Source/event_groups.o
 .text.xEventGroupSync
                0x00000000       0xce src/FreeRTOS/Source/event_groups.o
 .text.vEventGroupDelete
                0x00000000       0x32 src/FreeRTOS/Source/event_groups.o
 .text.vEventGroupSetBitsCallback
                0x00000000        0x8 src/FreeRTOS/Source/event_groups.o
 .text.vEventGroupClearBitsCallback
                0x00000000        0x8 src/FreeRTOS/Source/event_groups.o
 .text.uxEventGroupGetNumber
                0x00000000        0xe src/FreeRTOS/Source/event_groups.o
 .debug_info    0x00000000      0x992 src/FreeRTOS/Source/event_groups.o
 .debug_abbrev  0x00000000      0x26b src/FreeRTOS/Source/event_groups.o
 .debug_loc     0x00000000      0xb8a src/FreeRTOS/Source/event_groups.o
 .debug_aranges
                0x00000000       0x68 src/FreeRTOS/Source/event_groups.o
 .debug_ranges  0x00000000       0x70 src/FreeRTOS/Source/event_groups.o
 .debug_line    0x00000000      0x48a src/FreeRTOS/Source/event_groups.o
 .debug_str     0x00000000      0x5c8 src/FreeRTOS/Source/event_groups.o
 .comment       0x00000000       0x31 src/FreeRTOS/Source/event_groups.o
 .debug_frame   0x00000000      0x168 src/FreeRTOS/Source/event_groups.o
 .text          0x00000000        0x0 src/FreeRTOS/Source/list.o
 .data          0x00000000        0x0 src/FreeRTOS/Source/list.o
 .bss           0x00000000        0x0 src/FreeRTOS/Source/list.o
 .text          0x00000000        0x0 src/FreeRTOS/Source/portable/GCC/ATMega324/port.o
 .data          0x00000000        0x0 src/FreeRTOS/Source/portable/GCC/ATMega324/port.o
 .bss           0x00000000        0x0 src/FreeRTOS/Source/portable/GCC/ATMega324/port.o
 .text.vPortEndScheduler
                0x00000000        0x2 src/FreeRTOS/Source/portable/GCC/ATMega324/port.o
 .text          0x00000000        0x0 src/FreeRTOS/Source/portable/MemMang/heap_1.o
 .data          0x00000000        0x0 src/FreeRTOS/Source/portable/MemMang/heap_1.o
 .bss           0x00000000        0x0 src/FreeRTOS/Source/portable/MemMang/heap_1.o
 .text.vPortInitialiseBlocks
                0x00000000        0xa src/FreeRTOS/Source/portable/MemMang/heap_1.o
 .text.xPortGetFreeHeapSize
                0x00000000       0x12 src/FreeRTOS/Source/portable/MemMang/heap_1.o
 .text          0x00000000        0x0 src/serial/serial.o
 .data          0x00000000        0x0 src/serial/serial.o
 .bss           0x00000000        0x0 src/serial/serial.o
 .text.serial_send_byte
                0x00000000       0x32 src/serial/serial.o
 .text          0x00000000        0x0 src/FreeRTOS/Source/queue.o
 .data          0x00000000        0x0 src/FreeRTOS/Source/queue.o
 .bss           0x00000000        0x0 src/FreeRTOS/Source/queue.o
 .text.xQueueGiveFromISR
                0x00000000       0x52 src/FreeRTOS/Source/queue.o
 .text.xQueueReceiveFromISR
                0x00000000       0x6e src/FreeRTOS/Source/queue.o
 .text.xQueuePeekFromISR
                0x00000000       0x2e src/FreeRTOS/Source/queue.o
 .text.uxQueueMessagesWaiting
                0x00000000       0x10 src/FreeRTOS/Source/queue.o
 .text.uxQueueSpacesAvailable
                0x00000000       0x14 src/FreeRTOS/Source/queue.o
 .text.uxQueueMessagesWaitingFromISR
                0x00000000        0x6 src/FreeRTOS/Source/queue.o
 .text.vQueueDelete
                0x00000000        0x6 src/FreeRTOS/Source/queue.o
 .text.uxQueueGetQueueNumber
                0x00000000        0x6 src/FreeRTOS/Source/queue.o
 .text.vQueueSetQueueNumber
                0x00000000        0x6 src/FreeRTOS/Source/queue.o
 .text.ucQueueGetQueueType
                0x00000000        0x6 src/FreeRTOS/Source/queue.o
 .text.xQueueIsQueueEmptyFromISR
                0x00000000        0xc src/FreeRTOS/Source/queue.o
 .text.xQueueIsQueueFullFromISR
                0x00000000        0xe src/FreeRTOS/Source/queue.o
 .text.xQueueCRSend
                0x00000000       0x72 src/FreeRTOS/Source/queue.o
 .text.xQueueCRReceive
                0x00000000       0x92 src/FreeRTOS/Source/queue.o
 .text.xQueueCRSendFromISR
                0x00000000       0x48 src/FreeRTOS/Source/queue.o
 .text.xQueueCRReceiveFromISR
                0x00000000       0x82 src/FreeRTOS/Source/queue.o
 .text          0x00000000        0x0 src/FreeRTOS/Source/tasks.o
 .data          0x00000000        0x0 src/FreeRTOS/Source/tasks.o
 .bss           0x00000000        0x0 src/FreeRTOS/Source/tasks.o
 .text.vTaskDelete
                0x00000000       0xaa src/FreeRTOS/Source/tasks.o
 .text.eTaskGetState
                0x00000000       0x5e src/FreeRTOS/Source/tasks.o
 .text.vTaskEndScheduler
                0x00000000        0xc src/FreeRTOS/Source/tasks.o
 .text.xTaskGetTickCount
                0x00000000       0x14 src/FreeRTOS/Source/tasks.o
 .text.xTaskGetTickCountFromISR
                0x00000000        0xa src/FreeRTOS/Source/tasks.o
 .text.uxTaskGetNumberOfTasks
                0x00000000        0x6 src/FreeRTOS/Source/tasks.o
 .text.pcTaskGetName
                0x00000000       0x10 src/FreeRTOS/Source/tasks.o
 .text.vTaskDelayUntil
                0x00000000       0x80 src/FreeRTOS/Source/tasks.o
 .text.xTaskGetApplicationTaskTag
                0x00000000       0x1e src/FreeRTOS/Source/tasks.o
 .text.xTaskCallApplicationTaskHook
                0x00000000       0x24 src/FreeRTOS/Source/tasks.o
 .text.vTaskPlaceOnUnorderedEventList
                0x00000000       0x32 src/FreeRTOS/Source/tasks.o
 .text.xTaskRemoveFromUnorderedEventList
                0x00000000       0x74 src/FreeRTOS/Source/tasks.o
 .text.uxTaskGetTaskNumber
                0x00000000        0xe src/FreeRTOS/Source/tasks.o
 .text.vTaskSetTaskNumber
                0x00000000        0xa src/FreeRTOS/Source/tasks.o
 .text.vTaskGetInfo
                0x00000000       0xac src/FreeRTOS/Source/tasks.o
 .text.prvListTasksWithinSingleList
                0x00000000       0xb2 src/FreeRTOS/Source/tasks.o
 .text.uxTaskGetSystemState
                0x00000000       0xd0 src/FreeRTOS/Source/tasks.o
 .text.xTaskGetCurrentTaskHandle
                0x00000000        0xa src/FreeRTOS/Source/tasks.o
 .text.uxTaskResetEventItemValue
                0x00000000       0x2e src/FreeRTOS/Source/tasks.o
 .text.ulTaskNotifyTake
                0x00000000       0xb2 src/FreeRTOS/Source/tasks.o
 .text.xTaskNotifyWait
                0x00000000      0x108 src/FreeRTOS/Source/tasks.o
 .text.xTaskGenericNotify
                0x00000000       0xfc src/FreeRTOS/Source/tasks.o
 .text.xTaskGenericNotifyFromISR
                0x00000000      0x122 src/FreeRTOS/Source/tasks.o
 .text.vTaskNotifyGiveFromISR
                0x00000000       0xb6 src/FreeRTOS/Source/tasks.o
 .text.xTaskNotifyStateClear
                0x00000000       0x28 src/FreeRTOS/Source/tasks.o
 .text          0x00000000        0x0 src/FreeRTOS/Source/timers.o
 .data          0x00000000        0x0 src/FreeRTOS/Source/timers.o
 .bss           0x00000000        0x0 src/FreeRTOS/Source/timers.o
 .debug_info    0x00000000       0x64 src/FreeRTOS/Source/timers.o
 .debug_abbrev  0x00000000       0x26 src/FreeRTOS/Source/timers.o
 .debug_aranges
                0x00000000       0x18 src/FreeRTOS/Source/timers.o
 .debug_line    0x00000000       0x1a src/FreeRTOS/Source/timers.o
 .debug_str     0x00000000      0x174 src/FreeRTOS/Source/timers.o
 .comment       0x00000000       0x31 src/FreeRTOS/Source/timers.o
 .text          0x00000000        0x0 d:/ict engineering/atmel/7.0/toolchain/avr8/avr8-gnu-toolchain/bin/../lib/gcc/avr/4.9.2/avr5\libgcc.a(_udivmodsi4.o)
 .data          0x00000000        0x0 d:/ict engineering/atmel/7.0/toolchain/avr8/avr8-gnu-toolchain/bin/../lib/gcc/avr/4.9.2/avr5\libgcc.a(_udivmodsi4.o)
 .bss           0x00000000        0x0 d:/ict engineering/atmel/7.0/toolchain/avr8/avr8-gnu-toolchain/bin/../lib/gcc/avr/4.9.2/avr5\libgcc.a(_udivmodsi4.o)
 .text.libgcc.mul
                0x00000000        0x0 d:/ict engineering/atmel/7.0/toolchain/avr8/avr8-gnu-toolchain/bin/../lib/gcc/avr/4.9.2/avr5\libgcc.a(_udivmodsi4.o)
 .text.libgcc   0x00000000        0x0 d:/ict engineering/atmel/7.0/toolchain/avr8/avr8-gnu-toolchain/bin/../lib/gcc/avr/4.9.2/avr5\libgcc.a(_udivmodsi4.o)
 .text.libgcc.prologue
                0x00000000        0x0 d:/ict engineering/atmel/7.0/toolchain/avr8/avr8-gnu-toolchain/bin/../lib/gcc/avr/4.9.2/avr5\libgcc.a(_udivmodsi4.o)
 .text.libgcc.builtins
                0x00000000        0x0 d:/ict engineering/atmel/7.0/toolchain/avr8/avr8-gnu-toolchain/bin/../lib/gcc/avr/4.9.2/avr5\libgcc.a(_udivmodsi4.o)
 .text.libgcc.fmul
                0x00000000        0x0 d:/ict engineering/atmel/7.0/toolchain/avr8/avr8-gnu-toolchain/bin/../lib/gcc/avr/4.9.2/avr5\libgcc.a(_udivmodsi4.o)
 .text.libgcc.fixed
                0x00000000        0x0 d:/ict engineering/atmel/7.0/toolchain/avr8/avr8-gnu-toolchain/bin/../lib/gcc/avr/4.9.2/avr5\libgcc.a(_udivmodsi4.o)
 .text          0x00000000        0x0 d:/ict engineering/atmel/7.0/toolchain/avr8/avr8-gnu-toolchain/bin/../lib/gcc/avr/4.9.2/avr5\libgcc.a(_exit.o)
 .data          0x00000000        0x0 d:/ict engineering/atmel/7.0/toolchain/avr8/avr8-gnu-toolchain/bin/../lib/gcc/avr/4.9.2/avr5\libgcc.a(_exit.o)
 .bss           0x00000000        0x0 d:/ict engineering/atmel/7.0/toolchain/avr8/avr8-gnu-toolchain/bin/../lib/gcc/avr/4.9.2/avr5\libgcc.a(_exit.o)
 .text.libgcc.mul
                0x00000000        0x0 d:/ict engineering/atmel/7.0/toolchain/avr8/avr8-gnu-toolchain/bin/../lib/gcc/avr/4.9.2/avr5\libgcc.a(_exit.o)
 .text.libgcc.div
                0x00000000        0x0 d:/ict engineering/atmel/7.0/toolchain/avr8/avr8-gnu-toolchain/bin/../lib/gcc/avr/4.9.2/avr5\libgcc.a(_exit.o)
 .text.libgcc   0x00000000        0x0 d:/ict engineering/atmel/7.0/toolchain/avr8/avr8-gnu-toolchain/bin/../lib/gcc/avr/4.9.2/avr5\libgcc.a(_exit.o)
 .text.libgcc.prologue
                0x00000000        0x0 d:/ict engineering/atmel/7.0/toolchain/avr8/avr8-gnu-toolchain/bin/../lib/gcc/avr/4.9.2/avr5\libgcc.a(_exit.o)
 .text.libgcc.builtins
                0x00000000        0x0 d:/ict engineering/atmel/7.0/toolchain/avr8/avr8-gnu-toolchain/bin/../lib/gcc/avr/4.9.2/avr5\libgcc.a(_exit.o)
 .text.libgcc.fmul
                0x00000000        0x0 d:/ict engineering/atmel/7.0/toolchain/avr8/avr8-gnu-toolchain/bin/../lib/gcc/avr/4.9.2/avr5\libgcc.a(_exit.o)
 .text.libgcc.fixed
                0x00000000        0x0 d:/ict engineering/atmel/7.0/toolchain/avr8/avr8-gnu-toolchain/bin/../lib/gcc/avr/4.9.2/avr5\libgcc.a(_exit.o)
 .text          0x00000000        0x0 d:/ict engineering/atmel/7.0/toolchain/avr8/avr8-gnu-toolchain/bin/../lib/gcc/avr/4.9.2/avr5\libgcc.a(_copy_data.o)
 .data          0x00000000        0x0 d:/ict engineering/atmel/7.0/toolchain/avr8/avr8-gnu-toolchain/bin/../lib/gcc/avr/4.9.2/avr5\libgcc.a(_copy_data.o)
 .bss           0x00000000        0x0 d:/ict engineering/atmel/7.0/toolchain/avr8/avr8-gnu-toolchain/bin/../lib/gcc/avr/4.9.2/avr5\libgcc.a(_copy_data.o)
 .text.libgcc.mul
                0x00000000        0x0 d:/ict engineering/atmel/7.0/toolchain/avr8/avr8-gnu-toolchain/bin/../lib/gcc/avr/4.9.2/avr5\libgcc.a(_copy_data.o)
 .text.libgcc.div
                0x00000000        0x0 d:/ict engineering/atmel/7.0/toolchain/avr8/avr8-gnu-toolchain/bin/../lib/gcc/avr/4.9.2/avr5\libgcc.a(_copy_data.o)
 .text.libgcc   0x00000000        0x0 d:/ict engineering/atmel/7.0/toolchain/avr8/avr8-gnu-toolchain/bin/../lib/gcc/avr/4.9.2/avr5\libgcc.a(_copy_data.o)
 .text.libgcc.prologue
                0x00000000        0x0 d:/ict engineering/atmel/7.0/toolchain/avr8/avr8-gnu-toolchain/bin/../lib/gcc/avr/4.9.2/avr5\libgcc.a(_copy_data.o)
 .text.libgcc.builtins
                0x00000000        0x0 d:/ict engineering/atmel/7.0/toolchain/avr8/avr8-gnu-toolchain/bin/../lib/gcc/avr/4.9.2/avr5\libgcc.a(_copy_data.o)
 .text.libgcc.fmul
                0x00000000        0x0 d:/ict engineering/atmel/7.0/toolchain/avr8/avr8-gnu-toolchain/bin/../lib/gcc/avr/4.9.2/avr5\libgcc.a(_copy_data.o)
 .text.libgcc.fixed
                0x00000000        0x0 d:/ict engineering/atmel/7.0/toolchain/avr8/avr8-gnu-toolchain/bin/../lib/gcc/avr/4.9.2/avr5\libgcc.a(_copy_data.o)
 .text          0x00000000        0x0 d:/ict engineering/atmel/7.0/toolchain/avr8/avr8-gnu-toolchain/bin/../lib/gcc/avr/4.9.2/avr5\libgcc.a(_clear_bss.o)
 .data          0x00000000        0x0 d:/ict engineering/atmel/7.0/toolchain/avr8/avr8-gnu-toolchain/bin/../lib/gcc/avr/4.9.2/avr5\libgcc.a(_clear_bss.o)
 .bss           0x00000000        0x0 d:/ict engineering/atmel/7.0/toolchain/avr8/avr8-gnu-toolchain/bin/../lib/gcc/avr/4.9.2/avr5\libgcc.a(_clear_bss.o)
 .text.libgcc.mul
                0x00000000        0x0 d:/ict engineering/atmel/7.0/toolchain/avr8/avr8-gnu-toolchain/bin/../lib/gcc/avr/4.9.2/avr5\libgcc.a(_clear_bss.o)
 .text.libgcc.div
                0x00000000        0x0 d:/ict engineering/atmel/7.0/toolchain/avr8/avr8-gnu-toolchain/bin/../lib/gcc/avr/4.9.2/avr5\libgcc.a(_clear_bss.o)
 .text.libgcc   0x00000000        0x0 d:/ict engineering/atmel/7.0/toolchain/avr8/avr8-gnu-toolchain/bin/../lib/gcc/avr/4.9.2/avr5\libgcc.a(_clear_bss.o)
 .text.libgcc.prologue
                0x00000000        0x0 d:/ict engineering/atmel/7.0/toolchain/avr8/avr8-gnu-toolchain/bin/../lib/gcc/avr/4.9.2/avr5\libgcc.a(_clear_bss.o)
 .text.libgcc.builtins
                0x00000000        0x0 d:/ict engineering/atmel/7.0/toolchain/avr8/avr8-gnu-toolchain/bin/../lib/gcc/avr/4.9.2/avr5\libgcc.a(_clear_bss.o)
 .text.libgcc.fmul
                0x00000000        0x0 d:/ict engineering/atmel/7.0/toolchain/avr8/avr8-gnu-toolchain/bin/../lib/gcc/avr/4.9.2/avr5\libgcc.a(_clear_bss.o)
 .text.libgcc.fixed
                0x00000000        0x0 d:/ict engineering/atmel/7.0/toolchain/avr8/avr8-gnu-toolchain/bin/../lib/gcc/avr/4.9.2/avr5\libgcc.a(_clear_bss.o)
 .text          0x00000000        0x0 d:/ict engineering/atmel/7.0/toolchain/avr8/avr8-gnu-toolchain/bin/../lib/gcc/avr/4.9.2/../../../../avr/lib/avr5\libc.a(malloc.o)
 .bss           0x00000000        0x0 d:/ict engineering/atmel/7.0/toolchain/avr8/avr8-gnu-toolchain/bin/../lib/gcc/avr/4.9.2/../../../../avr/lib/avr5\libc.a(malloc.o)
 .text          0x00000000        0x0 d:/ict engineering/atmel/7.0/toolchain/avr8/avr8-gnu-toolchain/bin/../lib/gcc/avr/4.9.2/../../../../avr/lib/avr5\libc.a(rand.o)
 .bss           0x00000000        0x0 d:/ict engineering/atmel/7.0/toolchain/avr8/avr8-gnu-toolchain/bin/../lib/gcc/avr/4.9.2/../../../../avr/lib/avr5\libc.a(rand.o)
 .text          0x00000000        0x0 d:/ict engineering/atmel/7.0/toolchain/avr8/avr8-gnu-toolchain/bin/../lib/gcc/avr/4.9.2/../../../../avr/lib/avr5\libc.a(memcpy.o)
 .data          0x00000000        0x0 d:/ict engineering/atmel/7.0/toolchain/avr8/avr8-gnu-toolchain/bin/../lib/gcc/avr/4.9.2/../../../../avr/lib/avr5\libc.a(memcpy.o)
 .bss           0x00000000        0x0 d:/ict engineering/atmel/7.0/toolchain/avr8/avr8-gnu-toolchain/bin/../lib/gcc/avr/4.9.2/../../../../avr/lib/avr5\libc.a(memcpy.o)
 .text          0x00000000        0x0 d:/ict engineering/atmel/7.0/toolchain/avr8/avr8-gnu-toolchain/bin/../lib/gcc/avr/4.9.2/../../../../avr/lib/avr5\libc.a(memset.o)
 .data          0x00000000        0x0 d:/ict engineering/atmel/7.0/toolchain/avr8/avr8-gnu-toolchain/bin/../lib/gcc/avr/4.9.2/../../../../avr/lib/avr5\libc.a(memset.o)
 .bss           0x00000000        0x0 d:/ict engineering/atmel/7.0/toolchain/avr8/avr8-gnu-toolchain/bin/../lib/gcc/avr/4.9.2/../../../../avr/lib/avr5\libc.a(memset.o)
 .text          0x00000000        0x0 d:/ict engineering/atmel/7.0/toolchain/avr8/avr8-gnu-toolchain/bin/../lib/gcc/avr/4.9.2/avr5\libgcc.a(_divmodsi4.o)
 .data          0x00000000        0x0 d:/ict engineering/atmel/7.0/toolchain/avr8/avr8-gnu-toolchain/bin/../lib/gcc/avr/4.9.2/avr5\libgcc.a(_divmodsi4.o)
 .bss           0x00000000        0x0 d:/ict engineering/atmel/7.0/toolchain/avr8/avr8-gnu-toolchain/bin/../lib/gcc/avr/4.9.2/avr5\libgcc.a(_divmodsi4.o)
 .text.libgcc.mul
                0x00000000        0x0 d:/ict engineering/atmel/7.0/toolchain/avr8/avr8-gnu-toolchain/bin/../lib/gcc/avr/4.9.2/avr5\libgcc.a(_divmodsi4.o)
 .text.libgcc   0x00000000        0x0 d:/ict engineering/atmel/7.0/toolchain/avr8/avr8-gnu-toolchain/bin/../lib/gcc/avr/4.9.2/avr5\libgcc.a(_divmodsi4.o)
 .text.libgcc.prologue
                0x00000000        0x0 d:/ict engineering/atmel/7.0/toolchain/avr8/avr8-gnu-toolchain/bin/../lib/gcc/avr/4.9.2/avr5\libgcc.a(_divmodsi4.o)
 .text.libgcc.builtins
                0x00000000        0x0 d:/ict engineering/atmel/7.0/toolchain/avr8/avr8-gnu-toolchain/bin/../lib/gcc/avr/4.9.2/avr5\libgcc.a(_divmodsi4.o)
 .text.libgcc.fmul
                0x00000000        0x0 d:/ict engineering/atmel/7.0/toolchain/avr8/avr8-gnu-toolchain/bin/../lib/gcc/avr/4.9.2/avr5\libgcc.a(_divmodsi4.o)
 .text.libgcc.fixed
                0x00000000        0x0 d:/ict engineering/atmel/7.0/toolchain/avr8/avr8-gnu-toolchain/bin/../lib/gcc/avr/4.9.2/avr5\libgcc.a(_divmodsi4.o)
 .text          0x00000000        0x0 d:/ict engineering/atmel/7.0/toolchain/avr8/avr8-gnu-toolchain/bin/../lib/gcc/avr/4.9.2/avr5\libgcc.a(_negsi2.o)
 .data          0x00000000        0x0 d:/ict engineering/atmel/7.0/toolchain/avr8/avr8-gnu-toolchain/bin/../lib/gcc/avr/4.9.2/avr5\libgcc.a(_negsi2.o)
 .bss           0x00000000        0x0 d:/ict engineering/atmel/7.0/toolchain/avr8/avr8-gnu-toolchain/bin/../lib/gcc/avr/4.9.2/avr5\libgcc.a(_negsi2.o)
 .text.libgcc.mul
                0x00000000        0x0 d:/ict engineering/atmel/7.0/toolchain/avr8/avr8-gnu-toolchain/bin/../lib/gcc/avr/4.9.2/avr5\libgcc.a(_negsi2.o)
 .text.libgcc   0x00000000        0x0 d:/ict engineering/atmel/7.0/toolchain/avr8/avr8-gnu-toolchain/bin/../lib/gcc/avr/4.9.2/avr5\libgcc.a(_negsi2.o)
 .text.libgcc.prologue
                0x00000000        0x0 d:/ict engineering/atmel/7.0/toolchain/avr8/avr8-gnu-toolchain/bin/../lib/gcc/avr/4.9.2/avr5\libgcc.a(_negsi2.o)
 .text.libgcc.builtins
                0x00000000        0x0 d:/ict engineering/atmel/7.0/toolchain/avr8/avr8-gnu-toolchain/bin/../lib/gcc/avr/4.9.2/avr5\libgcc.a(_negsi2.o)
 .text.libgcc.fmul
                0x00000000        0x0 d:/ict engineering/atmel/7.0/toolchain/avr8/avr8-gnu-toolchain/bin/../lib/gcc/avr/4.9.2/avr5\libgcc.a(_negsi2.o)
 .text.libgcc.fixed
                0x00000000        0x0 d:/ict engineering/atmel/7.0/toolchain/avr8/avr8-gnu-toolchain/bin/../lib/gcc/avr/4.9.2/avr5\libgcc.a(_negsi2.o)
 .text          0x00000000        0x0 d:/ict engineering/atmel/7.0/toolchain/avr8/avr8-gnu-toolchain/bin/../lib/gcc/avr/4.9.2/avr5\libgcc.a(_muluhisi3.o)
 .data          0x00000000        0x0 d:/ict engineering/atmel/7.0/toolchain/avr8/avr8-gnu-toolchain/bin/../lib/gcc/avr/4.9.2/avr5\libgcc.a(_muluhisi3.o)
 .bss           0x00000000        0x0 d:/ict engineering/atmel/7.0/toolchain/avr8/avr8-gnu-toolchain/bin/../lib/gcc/avr/4.9.2/avr5\libgcc.a(_muluhisi3.o)
 .text.libgcc.div
                0x00000000        0x0 d:/ict engineering/atmel/7.0/toolchain/avr8/avr8-gnu-toolchain/bin/../lib/gcc/avr/4.9.2/avr5\libgcc.a(_muluhisi3.o)
 .text.libgcc   0x00000000        0x0 d:/ict engineering/atmel/7.0/toolchain/avr8/avr8-gnu-toolchain/bin/../lib/gcc/avr/4.9.2/avr5\libgcc.a(_muluhisi3.o)
 .text.libgcc.prologue
                0x00000000        0x0 d:/ict engineering/atmel/7.0/toolchain/avr8/avr8-gnu-toolchain/bin/../lib/gcc/avr/4.9.2/avr5\libgcc.a(_muluhisi3.o)
 .text.libgcc.builtins
                0x00000000        0x0 d:/ict engineering/atmel/7.0/toolchain/avr8/avr8-gnu-toolchain/bin/../lib/gcc/avr/4.9.2/avr5\libgcc.a(_muluhisi3.o)
 .text.libgcc.fmul
                0x00000000        0x0 d:/ict engineering/atmel/7.0/toolchain/avr8/avr8-gnu-toolchain/bin/../lib/gcc/avr/4.9.2/avr5\libgcc.a(_muluhisi3.o)
 .text.libgcc.fixed
                0x00000000        0x0 d:/ict engineering/atmel/7.0/toolchain/avr8/avr8-gnu-toolchain/bin/../lib/gcc/avr/4.9.2/avr5\libgcc.a(_muluhisi3.o)
 .text          0x00000000        0x0 d:/ict engineering/atmel/7.0/toolchain/avr8/avr8-gnu-toolchain/bin/../lib/gcc/avr/4.9.2/avr5\libgcc.a(_mulshisi3.o)
 .data          0x00000000        0x0 d:/ict engineering/atmel/7.0/toolchain/avr8/avr8-gnu-toolchain/bin/../lib/gcc/avr/4.9.2/avr5\libgcc.a(_mulshisi3.o)
 .bss           0x00000000        0x0 d:/ict engineering/atmel/7.0/toolchain/avr8/avr8-gnu-toolchain/bin/../lib/gcc/avr/4.9.2/avr5\libgcc.a(_mulshisi3.o)
 .text.libgcc.div
                0x00000000        0x0 d:/ict engineering/atmel/7.0/toolchain/avr8/avr8-gnu-toolchain/bin/../lib/gcc/avr/4.9.2/avr5\libgcc.a(_mulshisi3.o)
 .text.libgcc   0x00000000        0x0 d:/ict engineering/atmel/7.0/toolchain/avr8/avr8-gnu-toolchain/bin/../lib/gcc/avr/4.9.2/avr5\libgcc.a(_mulshisi3.o)
 .text.libgcc.prologue
                0x00000000        0x0 d:/ict engineering/atmel/7.0/toolchain/avr8/avr8-gnu-toolchain/bin/../lib/gcc/avr/4.9.2/avr5\libgcc.a(_mulshisi3.o)
 .text.libgcc.builtins
                0x00000000        0x0 d:/ict engineering/atmel/7.0/toolchain/avr8/avr8-gnu-toolchain/bin/../lib/gcc/avr/4.9.2/avr5\libgcc.a(_mulshisi3.o)
 .text.libgcc.fmul
                0x00000000        0x0 d:/ict engineering/atmel/7.0/toolchain/avr8/avr8-gnu-toolchain/bin/../lib/gcc/avr/4.9.2/avr5\libgcc.a(_mulshisi3.o)
 .text.libgcc.fixed
                0x00000000        0x0 d:/ict engineering/atmel/7.0/toolchain/avr8/avr8-gnu-toolchain/bin/../lib/gcc/avr/4.9.2/avr5\libgcc.a(_mulshisi3.o)
 .text          0x00000000        0x0 d:/ict engineering/atmel/7.0/toolchain/avr8/avr8-gnu-toolchain/bin/../lib/gcc/avr/4.9.2/avr5\libgcc.a(_umulhisi3.o)
 .data          0x00000000        0x0 d:/ict engineering/atmel/7.0/toolchain/avr8/avr8-gnu-toolchain/bin/../lib/gcc/avr/4.9.2/avr5\libgcc.a(_umulhisi3.o)
 .bss           0x00000000        0x0 d:/ict engineering/atmel/7.0/toolchain/avr8/avr8-gnu-toolchain/bin/../lib/gcc/avr/4.9.2/avr5\libgcc.a(_umulhisi3.o)
 .text.libgcc.div
                0x00000000        0x0 d:/ict engineering/atmel/7.0/toolchain/avr8/avr8-gnu-toolchain/bin/../lib/gcc/avr/4.9.2/avr5\libgcc.a(_umulhisi3.o)
 .text.libgcc   0x00000000        0x0 d:/ict engineering/atmel/7.0/toolchain/avr8/avr8-gnu-toolchain/bin/../lib/gcc/avr/4.9.2/avr5\libgcc.a(_umulhisi3.o)
 .text.libgcc.prologue
                0x00000000        0x0 d:/ict engineering/atmel/7.0/toolchain/avr8/avr8-gnu-toolchain/bin/../lib/gcc/avr/4.9.2/avr5\libgcc.a(_umulhisi3.o)
 .text.libgcc.builtins
                0x00000000        0x0 d:/ict engineering/atmel/7.0/toolchain/avr8/avr8-gnu-toolchain/bin/../lib/gcc/avr/4.9.2/avr5\libgcc.a(_umulhisi3.o)
 .text.libgcc.fmul
                0x00000000        0x0 d:/ict engineering/atmel/7.0/toolchain/avr8/avr8-gnu-toolchain/bin/../lib/gcc/avr/4.9.2/avr5\libgcc.a(_umulhisi3.o)
 .text.libgcc.fixed
                0x00000000        0x0 d:/ict engineering/atmel/7.0/toolchain/avr8/avr8-gnu-toolchain/bin/../lib/gcc/avr/4.9.2/avr5\libgcc.a(_umulhisi3.o)

Memory Configuration

Name             Origin             Length             Attributes
text             0x00000000         0x00020000         xr
data             0x00800060         0x0000ffa0         rw !x
eeprom           0x00810000         0x00010000         rw !x
fuse             0x00820000         0x00000400         rw !x
lock             0x00830000         0x00000400         rw !x
signature        0x00840000         0x00000400         rw !x
user_signatures  0x00850000         0x00000400         rw !x
*default*        0x00000000         0xffffffff

Linker script and memory map

Address of section .data set to 0x800100
LOAD D:/ICT engineering/Atmel/7.0/Packs/atmel/ATmega_DFP/1.0.106/gcc/dev/atmega324pa/avr5/crtatmega324pa.o
LOAD main.o
LOAD src/board/board.o
LOAD src/buffer/buffer.o
LOAD src/FreeRTOS/Source/croutine.o
LOAD src/FreeRTOS/Source/event_groups.o
LOAD src/FreeRTOS/Source/list.o
LOAD src/FreeRTOS/Source/portable/GCC/ATMega324/port.o
LOAD src/FreeRTOS/Source/portable/MemMang/heap_1.o
LOAD src/serial/serial.o
LOAD src/FreeRTOS/Source/queue.o
LOAD src/FreeRTOS/Source/tasks.o
LOAD src/FreeRTOS/Source/timers.o
START GROUP
LOAD d:/ict engineering/atmel/7.0/toolchain/avr8/avr8-gnu-toolchain/bin/../lib/gcc/avr/4.9.2/../../../../avr/lib/avr5\libm.a
END GROUP
START GROUP
LOAD d:/ict engineering/atmel/7.0/toolchain/avr8/avr8-gnu-toolchain/bin/../lib/gcc/avr/4.9.2/avr5\libgcc.a
LOAD d:/ict engineering/atmel/7.0/toolchain/avr8/avr8-gnu-toolchain/bin/../lib/gcc/avr/4.9.2/../../../../avr/lib/avr5\libm.a
LOAD d:/ict engineering/atmel/7.0/toolchain/avr8/avr8-gnu-toolchain/bin/../lib/gcc/avr/4.9.2/../../../../avr/lib/avr5\libc.a
LOAD D:/ICT engineering/Atmel/7.0/Packs/atmel/ATmega_DFP/1.0.106/gcc/dev/atmega324pa/avr5\libatmega324pa.a
END GROUP
                0x00020000                __TEXT_REGION_LENGTH__ = DEFINED (__TEXT_REGION_LENGTH__)?__TEXT_REGION_LENGTH__:0x20000
                0x0000ffa0                __DATA_REGION_LENGTH__ = DEFINED (__DATA_REGION_LENGTH__)?__DATA_REGION_LENGTH__:0xffa0
                0x00010000                __EEPROM_REGION_LENGTH__ = DEFINED (__EEPROM_REGION_LENGTH__)?__EEPROM_REGION_LENGTH__:0x10000
                0x00000400                __FUSE_REGION_LENGTH__ = DEFINED (__FUSE_REGION_LENGTH__)?__FUSE_REGION_LENGTH__:0x400
                0x00000400                __LOCK_REGION_LENGTH__ = DEFINED (__LOCK_REGION_LENGTH__)?__LOCK_REGION_LENGTH__:0x400
                0x00000400                __SIGNATURE_REGION_LENGTH__ = DEFINED (__SIGNATURE_REGION_LENGTH__)?__SIGNATURE_REGION_LENGTH__:0x400
                0x00000400                __USER_SIGNATURE_REGION_LENGTH__ = DEFINED (__USER_SIGNATURE_REGION_LENGTH__)?__USER_SIGNATURE_REGION_LENGTH__:0x400

.hash
 *(.hash)

.dynsym
 *(.dynsym)

.dynstr
 *(.dynstr)

.gnu.version
 *(.gnu.version)

.gnu.version_d
 *(.gnu.version_d)

.gnu.version_r
 *(.gnu.version_r)

.rel.init
 *(.rel.init)

.rela.init
 *(.rela.init)

.rel.text
 *(.rel.text)
 *(.rel.text.*)
 *(.rel.gnu.linkonce.t*)

.rela.text
 *(.rela.text)
 *(.rela.text.*)
 *(.rela.gnu.linkonce.t*)

.rel.fini
 *(.rel.fini)

.rela.fini
 *(.rela.fini)

.rel.rodata
 *(.rel.rodata)
 *(.rel.rodata.*)
 *(.rel.gnu.linkonce.r*)

.rela.rodata
 *(.rela.rodata)
 *(.rela.rodata.*)
 *(.rela.gnu.linkonce.r*)

.rel.data
 *(.rel.data)
 *(.rel.data.*)
 *(.rel.gnu.linkonce.d*)

.rela.data
 *(.rela.data)
 *(.rela.data.*)
 *(.rela.gnu.linkonce.d*)

.rel.ctors
 *(.rel.ctors)

.rela.ctors
 *(.rela.ctors)

.rel.dtors
 *(.rel.dtors)

.rela.dtors
 *(.rela.dtors)

.rel.got
 *(.rel.got)

.rela.got
 *(.rela.got)

.rel.bss
 *(.rel.bss)

.rela.bss
 *(.rela.bss)

.rel.plt
 *(.rel.plt)

.rela.plt
 *(.rela.plt)

.text           0x00000000     0x25ea
 *(.vectors)
 .vectors       0x00000000       0x7c D:/ICT engineering/Atmel/7.0/Packs/atmel/ATmega_DFP/1.0.106/gcc/dev/atmega324pa/avr5/crtatmega324pa.o
                0x00000000                __vector_default
                0x00000000                __vectors
 *(.vectors)
 *(.progmem.gcc*)
                0x0000007c                . = ALIGN (0x2)
                0x0000007c                __trampolines_start = .
 *(.trampolines)
 .trampolines   0x0000007c        0x0 linker stubs
 *(.trampolines*)
                0x0000007c                __trampolines_end = .
 *libprintf_flt.a:*(.progmem.data)
 *libc.a:*(.progmem.data)
 *(.progmem*)
                0x0000007c                . = ALIGN (0x2)
 *(.jumptables)
 *(.jumptables*)
 *(.lowtext)
 *(.lowtext*)
                0x0000007c                __ctors_start = .
 *(.ctors)
                0x0000007c                __ctors_end = .
                0x0000007c                __dtors_start = .
 *(.dtors)
                0x0000007c                __dtors_end = .
 SORT(*)(.ctors)
 SORT(*)(.dtors)
 *(.init0)
 .init0         0x0000007c        0x0 D:/ICT engineering/Atmel/7.0/Packs/atmel/ATmega_DFP/1.0.106/gcc/dev/atmega324pa/avr5/crtatmega324pa.o
                0x0000007c                __init
 *(.init0)
 *(.init1)
 *(.init1)
 *(.init2)
 .init2         0x0000007c        0xc D:/ICT engineering/Atmel/7.0/Packs/atmel/ATmega_DFP/1.0.106/gcc/dev/atmega324pa/avr5/crtatmega324pa.o
 *(.init2)
 *(.init3)
 *(.init3)
 *(.init4)
 .init4         0x00000088       0x16 d:/ict engineering/atmel/7.0/toolchain/avr8/avr8-gnu-toolchain/bin/../lib/gcc/avr/4.9.2/avr5\libgcc.a(_copy_data.o)
                0x00000088                __do_copy_data
 .init4         0x0000009e       0x10 d:/ict engineering/atmel/7.0/toolchain/avr8/avr8-gnu-toolchain/bin/../lib/gcc/avr/4.9.2/avr5\libgcc.a(_clear_bss.o)
                0x0000009e                __do_clear_bss
 *(.init4)
 *(.init5)
 *(.init5)
 *(.init6)
 *(.init6)
 *(.init7)
 *(.init7)
 *(.init8)
 *(.init8)
 *(.init9)
 .init9         0x000000ae        0x8 D:/ICT engineering/Atmel/7.0/Packs/atmel/ATmega_DFP/1.0.106/gcc/dev/atmega324pa/avr5/crtatmega324pa.o
 *(.init9)
 *(.text)
 .text          0x000000b6        0x4 D:/ICT engineering/Atmel/7.0/Packs/atmel/ATmega_DFP/1.0.106/gcc/dev/atmega324pa/avr5/crtatmega324pa.o
                0x000000b6                __vector_22
                0x000000b6                __vector_1
                0x000000b6                __vector_24
                0x000000b6                __vector_12
                0x000000b6                __bad_interrupt
                0x000000b6                __vector_6
                0x000000b6                __vector_3
                0x000000b6                __vector_23
                0x000000b6                __vector_30
                0x000000b6                __vector_25
                0x000000b6                __vector_11
                0x000000b6                __vector_17
                0x000000b6                __vector_19
                0x000000b6                __vector_7
                0x000000b6                __vector_27
                0x000000b6                __vector_5
                0x000000b6                __vector_4
                0x000000b6                __vector_9
                0x000000b6                __vector_2
                0x000000b6                __vector_15
                0x000000b6                __vector_8
                0x000000b6                __vector_26
                0x000000b6                __vector_14
                0x000000b6                __vector_10
                0x000000b6                __vector_18
                0x000000ba                . = ALIGN (0x2)
 *(.text.*)
 .text.obstacles_task
                0x000000ba      0x1d6 main.o
                0x000000ba                obstacles_task
 .text.update   0x00000290       0x7e main.o
                0x00000290                update
 .text.moveCar  0x0000030e      0x2f8 main.o
                0x0000030e                moveCar
 .text.gameLogic_task
                0x00000606       0x3e main.o
                0x00000606                gameLogic_task
 .text.joystickSampler_task
                0x00000644       0x4a main.o
                0x00000644                joystickSampler_task
 .text.displayUpdater_task
                0x0000068e        0xe main.o
                0x0000068e                displayUpdater_task
 .text.startup_task
                0x0000069c       0xc8 main.o
                0x0000069c                startup_task
 .text.prepare_shiftregister
                0x00000764        0x4 main.o
                0x00000764                prepare_shiftregister
 .text.clock_shift_register_and_prepare_for_next_col
                0x00000768        0xc main.o
                0x00000768                clock_shift_register_and_prepare_for_next_col
 .text.load_col_value
                0x00000774       0x16 main.o
                0x00000774                load_col_value
 .text.handle_display
                0x0000078a       0x52 main.o
                0x0000078a                handle_display
 .text.vApplicationIdleHook
                0x000007dc        0x2 main.o
                0x000007dc                vApplicationIdleHook
 .text.main     0x000007de       0x42 main.o
                0x000007de                main
 .text._com_call_back
                0x00000820       0x3e src/board/board.o
 .text.init_display_timer
                0x0000085e       0x24 src/board/board.o
                0x0000085e                init_display_timer
 .text.__vector_16
                0x00000882       0x52 src/board/board.o
                0x00000882                __vector_16
 .text.com_send_bytes
                0x000008d4       0x12 src/board/board.o
                0x000008d4                com_send_bytes
 .text.init_board
                0x000008e6       0x94 src/board/board.o
                0x000008e6                init_board
 .text.switch_in
                0x0000097a       0x16 src/board/board.o
                0x0000097a                switch_in
 .text.switch_out
                0x00000990        0x8 src/board/board.o
                0x00000990                switch_out
 .text.buffer_init
                0x00000998        0xa src/buffer/buffer.o
                0x00000998                buffer_init
 .text.buffer_get_item
                0x000009a2       0x42 src/buffer/buffer.o
                0x000009a2                buffer_get_item
 .text.buffer_put_item
                0x000009e4       0x3a src/buffer/buffer.o
                0x000009e4                buffer_put_item
 .text.vListInitialise
                0x00000a1e       0x1c src/FreeRTOS/Source/list.o
                0x00000a1e                vListInitialise
 .text.vListInitialiseItem
                0x00000a3a        0x8 src/FreeRTOS/Source/list.o
                0x00000a3a                vListInitialiseItem
 .text.vListInsertEnd
                0x00000a42       0x42 src/FreeRTOS/Source/list.o
                0x00000a42                vListInsertEnd
 .text.vListInsert
                0x00000a84       0x62 src/FreeRTOS/Source/list.o
                0x00000a84                vListInsert
 .text.uxListRemove
                0x00000ae6       0x4c src/FreeRTOS/Source/list.o
                0x00000ae6                uxListRemove
 .text.pxPortInitialiseStack
                0x00000b32       0xd8 src/FreeRTOS/Source/portable/GCC/ATMega324/port.o
                0x00000b32                pxPortInitialiseStack
 .text.xPortStartScheduler
                0x00000c0a       0x74 src/FreeRTOS/Source/portable/GCC/ATMega324/port.o
                0x00000c0a                xPortStartScheduler
 .text.vPortYield
                0x00000c7e       0xb2 src/FreeRTOS/Source/portable/GCC/ATMega324/port.o
                0x00000c7e                vPortYield
 .text.vPortYieldFromTick
                0x00000d30       0xb8 src/FreeRTOS/Source/portable/GCC/ATMega324/port.o
                0x00000d30                vPortYieldFromTick
 .text.__vector_13
                0x00000de8        0x6 src/FreeRTOS/Source/portable/GCC/ATMega324/port.o
                0x00000de8                __vector_13
 .text.pvPortMalloc
                0x00000dee       0x6a src/FreeRTOS/Source/portable/MemMang/heap_1.o
                0x00000dee                pvPortMalloc
 .text.vPortFree
                0x00000e58        0x2 src/FreeRTOS/Source/portable/MemMang/heap_1.o
                0x00000e58                vPortFree
 .text.serial_new_instance
                0x00000e5a       0xf4 src/serial/serial.o
                0x00000e5a                serial_new_instance
 .text.serial_send_bytes
                0x00000f4e       0x86 src/serial/serial.o
                0x00000f4e                serial_send_bytes
 .text.__vector_20
                0x00000fd4       0x7c src/serial/serial.o
                0x00000fd4                __vector_20
 .text.__vector_21
                0x00001050       0x90 src/serial/serial.o
                0x00001050                __vector_21
 .text.__vector_28
                0x000010e0       0x7c src/serial/serial.o
                0x000010e0                __vector_28
 .text.__vector_29
                0x0000115c       0x90 src/serial/serial.o
                0x0000115c                __vector_29
 .text.prvCopyDataToQueue
                0x000011ec       0xc2 src/FreeRTOS/Source/queue.o
 .text.prvCopyDataFromQueue
                0x000012ae       0x34 src/FreeRTOS/Source/queue.o
 .text.prvUnlockQueue
                0x000012e2       0x9a src/FreeRTOS/Source/queue.o
 .text.xQueueGenericReset
                0x0000137c       0x7a src/FreeRTOS/Source/queue.o
                0x0000137c                xQueueGenericReset
 .text.xQueueGenericCreate
                0x000013f6       0x62 src/FreeRTOS/Source/queue.o
                0x000013f6                xQueueGenericCreate
 .text.xQueueGenericSend
                0x00001458      0x142 src/FreeRTOS/Source/queue.o
                0x00001458                xQueueGenericSend
 .text.xQueueCreateMutex
                0x0000159a       0x34 src/FreeRTOS/Source/queue.o
                0x0000159a                xQueueCreateMutex
 .text.xQueueGenericSendFromISR
                0x000015ce       0x74 src/FreeRTOS/Source/queue.o
                0x000015ce                xQueueGenericSendFromISR
 .text.xQueueGenericReceive
                0x00001642      0x198 src/FreeRTOS/Source/queue.o
                0x00001642                xQueueGenericReceive
 .text.prvResetNextTaskUnblockTime
                0x000017da       0x3e src/FreeRTOS/Source/tasks.o
 .text.prvAddCurrentTaskToDelayedList
                0x00001818       0x88 src/FreeRTOS/Source/tasks.o
 .text.xTaskCreate
                0x000018a0      0x22e src/FreeRTOS/Source/tasks.o
                0x000018a0                xTaskCreate
 .text.vTaskStartScheduler
                0x00001ace       0x54 src/FreeRTOS/Source/tasks.o
                0x00001ace                vTaskStartScheduler
 .text.vTaskSuspendAll
                0x00001b22        0xc src/FreeRTOS/Source/tasks.o
                0x00001b22                vTaskSuspendAll
 .text.xTaskIncrementTick
                0x00001b2e      0x176 src/FreeRTOS/Source/tasks.o
                0x00001b2e                xTaskIncrementTick
 .text.xTaskResumeAll
                0x00001ca4       0xfe src/FreeRTOS/Source/tasks.o
                0x00001ca4                xTaskResumeAll
 .text.vTaskDelay
                0x00001da2       0x28 src/FreeRTOS/Source/tasks.o
                0x00001da2                vTaskDelay
 .text.prvIdleTask
                0x00001dca       0x7e src/FreeRTOS/Source/tasks.o
 .text.vTaskSetApplicationTaskTag
                0x00001e48       0x1e src/FreeRTOS/Source/tasks.o
                0x00001e48                vTaskSetApplicationTaskTag
 .text.vTaskSwitchContext
                0x00001e66       0xe8 src/FreeRTOS/Source/tasks.o
                0x00001e66                vTaskSwitchContext
 .text.vTaskPlaceOnEventList
                0x00001f4e       0x26 src/FreeRTOS/Source/tasks.o
                0x00001f4e                vTaskPlaceOnEventList
 .text.xTaskRemoveFromEventList
                0x00001f74       0x90 src/FreeRTOS/Source/tasks.o
                0x00001f74                xTaskRemoveFromEventList
 .text.vTaskSetTimeOutState
                0x00002004       0x16 src/FreeRTOS/Source/tasks.o
                0x00002004                vTaskSetTimeOutState
 .text.xTaskCheckForTimeOut
                0x0000201a       0x64 src/FreeRTOS/Source/tasks.o
                0x0000201a                xTaskCheckForTimeOut
 .text.vTaskMissedYield
                0x0000207e        0x8 src/FreeRTOS/Source/tasks.o
                0x0000207e                vTaskMissedYield
 .text.vTaskPriorityInherit
                0x00002086       0xc4 src/FreeRTOS/Source/tasks.o
                0x00002086                vTaskPriorityInherit
 .text.xTaskPriorityDisinherit
                0x0000214a       0x80 src/FreeRTOS/Source/tasks.o
                0x0000214a                xTaskPriorityDisinherit
 .text.pvTaskIncrementMutexHeldCount
                0x000021ca       0x24 src/FreeRTOS/Source/tasks.o
                0x000021ca                pvTaskIncrementMutexHeldCount
 .text.libgcc.div
                0x000021ee       0x44 d:/ict engineering/atmel/7.0/toolchain/avr8/avr8-gnu-toolchain/bin/../lib/gcc/avr/4.9.2/avr5\libgcc.a(_udivmodsi4.o)
                0x000021ee                __udivmodsi4
 .text.avr-libc
                0x00002232      0x25a d:/ict engineering/atmel/7.0/toolchain/avr8/avr8-gnu-toolchain/bin/../lib/gcc/avr/4.9.2/../../../../avr/lib/avr5\libc.a(malloc.o)
                0x00002232                malloc
                0x0000235c                free
 .text.avr-libc
                0x0000248c       0xb8 d:/ict engineering/atmel/7.0/toolchain/avr8/avr8-gnu-toolchain/bin/../lib/gcc/avr/4.9.2/../../../../avr/lib/avr5\libc.a(rand.o)
                0x0000251e                rand_r
                0x00002524                rand
                0x0000252e                srand
 .text.avr-libc
                0x00002544       0x12 d:/ict engineering/atmel/7.0/toolchain/avr8/avr8-gnu-toolchain/bin/../lib/gcc/avr/4.9.2/../../../../avr/lib/avr5\libc.a(memcpy.o)
                0x00002544                memcpy
 .text.avr-libc
                0x00002556        0xe d:/ict engineering/atmel/7.0/toolchain/avr8/avr8-gnu-toolchain/bin/../lib/gcc/avr/4.9.2/../../../../avr/lib/avr5\libc.a(memset.o)
                0x00002556                memset
 .text.libgcc.div
                0x00002564       0x2e d:/ict engineering/atmel/7.0/toolchain/avr8/avr8-gnu-toolchain/bin/../lib/gcc/avr/4.9.2/avr5\libgcc.a(_divmodsi4.o)
                0x00002564                __divmodsi4
 .text.libgcc.div
                0x00002592       0x10 d:/ict engineering/atmel/7.0/toolchain/avr8/avr8-gnu-toolchain/bin/../lib/gcc/avr/4.9.2/avr5\libgcc.a(_negsi2.o)
                0x00002592                __negsi2
 .text.libgcc.mul
                0x000025a2       0x16 d:/ict engineering/atmel/7.0/toolchain/avr8/avr8-gnu-toolchain/bin/../lib/gcc/avr/4.9.2/avr5\libgcc.a(_muluhisi3.o)
                0x000025a2                __muluhisi3
 .text.libgcc.mul
                0x000025b8       0x10 d:/ict engineering/atmel/7.0/toolchain/avr8/avr8-gnu-toolchain/bin/../lib/gcc/avr/4.9.2/avr5\libgcc.a(_mulshisi3.o)
                0x000025b8                __mulshisi3
                0x000025be                __mulohisi3
 .text.libgcc.mul
                0x000025c8       0x1e d:/ict engineering/atmel/7.0/toolchain/avr8/avr8-gnu-toolchain/bin/../lib/gcc/avr/4.9.2/avr5\libgcc.a(_umulhisi3.o)
                0x000025c8                __umulhisi3
                0x000025e6                . = ALIGN (0x2)
 *(.fini9)
 .fini9         0x000025e6        0x0 d:/ict engineering/atmel/7.0/toolchain/avr8/avr8-gnu-toolchain/bin/../lib/gcc/avr/4.9.2/avr5\libgcc.a(_exit.o)
                0x000025e6                _exit
                0x000025e6                exit
 *(.fini9)
 *(.fini8)
 *(.fini8)
 *(.fini7)
 *(.fini7)
 *(.fini6)
 *(.fini6)
 *(.fini5)
 *(.fini5)
 *(.fini4)
 *(.fini4)
 *(.fini3)
 *(.fini3)
 *(.fini2)
 *(.fini2)
 *(.fini1)
 *(.fini1)
 *(.fini0)
 .fini0         0x000025e6        0x4 d:/ict engineering/atmel/7.0/toolchain/avr8/avr8-gnu-toolchain/bin/../lib/gcc/avr/4.9.2/avr5\libgcc.a(_exit.o)
 *(.fini0)
                0x000025ea                _etext = .

.data           0x00800100       0x62 load address 0x000025ea
                0x00800100                PROVIDE (__data_start, .)
 *(.data)
 .data          0x00800100        0x6 d:/ict engineering/atmel/7.0/toolchain/avr8/avr8-gnu-toolchain/bin/../lib/gcc/avr/4.9.2/../../../../avr/lib/avr5\libc.a(malloc.o)
                0x00800100                __malloc_heap_end
                0x00800102                __malloc_heap_start
                0x00800104                __malloc_margin
 .data          0x00800106        0x4 d:/ict engineering/atmel/7.0/toolchain/avr8/avr8-gnu-toolchain/bin/../lib/gcc/avr/4.9.2/../../../../avr/lib/avr5\libc.a(rand.o)
 *(.data*)
 .data._com_port_2_udr
                0x0080010a        0x4 src/serial/serial.o
                0x0080010a                _com_port_2_udr
 *(.rodata)
 *(.rodata*)
 .rodata.str1.1
                0x0080010e       0x4e main.o
 .rodata.str1.1
                0x0080015c        0x5 src/FreeRTOS/Source/tasks.o
 *(.gnu.linkonce.d*)
                0x00800162                . = ALIGN (0x2)
 *fill*         0x00800161        0x1 
                0x00800162                _edata = .
                0x00800162                PROVIDE (__data_end, .)

.bss            0x00800162      0x666
                0x00800162                PROVIDE (__bss_start, .)
 *(.bss)
 *(.bss*)
 .bss.col.2092  0x00800162        0x1 main.o
 .bss.obstacles
                0x00800163       0x8c main.o
 .bss.inputQueue
                0x008001ef        0x2 main.o
 .bss.car       0x008001f1        0x4 main.o
 .bss.myMatrix  0x008001f5      0x118 main.o
 .bss.frame_buf
                0x0080030d       0x1c main.o
 .bss.xMutex    0x00800329        0x2 main.o
 .bss._com_tx_buffer.2010
                0x0080032b       0x23 src/board/board.o
 .bss._com_rx_buffer.2009
                0x0080034e       0x23 src/board/board.o
 .bss.cb_ptr    0x00800371        0x2 src/board/board.o
 .bss._x_rx_com_queue
                0x00800373        0x2 src/board/board.o
 .bss._com_serial_instance
                0x00800375        0x2 src/board/board.o
 .bss.pucAlignedHeap.1965
                0x00800377        0x2 src/FreeRTOS/Source/portable/MemMang/heap_1.o
 .bss.xNextFreeByte
                0x00800379        0x2 src/FreeRTOS/Source/portable/MemMang/heap_1.o
 .bss.ucHeap    0x0080037b      0x3e8 src/FreeRTOS/Source/portable/MemMang/heap_1.o
 .bss._ser_handle
                0x00800763        0x4 src/serial/serial.o
 .bss.uxSchedulerSuspended
                0x00800767        0x1 src/FreeRTOS/Source/tasks.o
 .bss.xIdleTaskHandle
                0x00800768        0x2 src/FreeRTOS/Source/tasks.o
 .bss.xNextTaskUnblockTime
                0x0080076a        0x2 src/FreeRTOS/Source/tasks.o
 .bss.uxTaskNumber
                0x0080076c        0x1 src/FreeRTOS/Source/tasks.o
 .bss.xNumOfOverflows
                0x0080076d        0x1 src/FreeRTOS/Source/tasks.o
 .bss.xYieldPending
                0x0080076e        0x1 src/FreeRTOS/Source/tasks.o
 .bss.uxPendedTicks
                0x0080076f        0x1 src/FreeRTOS/Source/tasks.o
 .bss.xSchedulerRunning
                0x00800770        0x1 src/FreeRTOS/Source/tasks.o
 .bss.uxTopReadyPriority
                0x00800771        0x1 src/FreeRTOS/Source/tasks.o
 .bss.xTickCount
                0x00800772        0x2 src/FreeRTOS/Source/tasks.o
 .bss.uxCurrentNumberOfTasks
                0x00800774        0x1 src/FreeRTOS/Source/tasks.o
 .bss.uxDeletedTasksWaitingCleanUp
                0x00800775        0x1 src/FreeRTOS/Source/tasks.o
 .bss.xTasksWaitingTermination
                0x00800776        0x9 src/FreeRTOS/Source/tasks.o
 .bss.xPendingReadyList
                0x0080077f        0x9 src/FreeRTOS/Source/tasks.o
 .bss.pxOverflowDelayedTaskList
                0x00800788        0x2 src/FreeRTOS/Source/tasks.o
 .bss.pxDelayedTaskList
                0x0080078a        0x2 src/FreeRTOS/Source/tasks.o
 .bss.xDelayedTaskList2
                0x0080078c        0x9 src/FreeRTOS/Source/tasks.o
 .bss.xDelayedTaskList1
                0x00800795        0x9 src/FreeRTOS/Source/tasks.o
 .bss.pxReadyTasksLists
                0x0080079e       0x24 src/FreeRTOS/Source/tasks.o
 .bss.pxCurrentTCB
                0x008007c2        0x2 src/FreeRTOS/Source/tasks.o
                0x008007c2                pxCurrentTCB
 *(COMMON)
 COMMON         0x008007c4        0x4 d:/ict engineering/atmel/7.0/toolchain/avr8/avr8-gnu-toolchain/bin/../lib/gcc/avr/4.9.2/../../../../avr/lib/avr5\libc.a(malloc.o)
                0x008007c4                __brkval
                0x008007c6                __flp
                0x008007c8                PROVIDE (__bss_end, .)
                0x000025ea                __data_load_start = LOADADDR (.data)
                0x0000264c                __data_load_end = (__data_load_start + SIZEOF (.data))

.noinit         0x008007c8        0x0
                [!provide]                PROVIDE (__noinit_start, .)
 *(.noinit*)
                [!provide]                PROVIDE (__noinit_end, .)
                0x008007c8                _end = .
                0x008007c8                PROVIDE (__heap_start, .)

.eeprom         0x00810000        0x0
 *(.eeprom*)
                0x00810000                __eeprom_end = .

.fuse
 *(.fuse)
 *(.lfuse)
 *(.hfuse)
 *(.efuse)

.lock
 *(.lock*)

.signature
 *(.signature*)

.user_signatures
 *(.user_signatures*)

.stab
 *(.stab)

.stabstr
 *(.stabstr)

.stab.excl
 *(.stab.excl)

.stab.exclstr
 *(.stab.exclstr)

.stab.index
 *(.stab.index)

.stab.indexstr
 *(.stab.indexstr)

.comment        0x00000000       0x30
 *(.comment)
 .comment       0x00000000       0x30 main.o
                                 0x31 (size before relaxing)
 .comment       0x00000030       0x31 src/board/board.o
 .comment       0x00000030       0x31 src/buffer/buffer.o
 .comment       0x00000030       0x31 src/FreeRTOS/Source/list.o
 .comment       0x00000030       0x31 src/FreeRTOS/Source/portable/GCC/ATMega324/port.o
 .comment       0x00000030       0x31 src/FreeRTOS/Source/portable/MemMang/heap_1.o
 .comment       0x00000030       0x31 src/serial/serial.o
 .comment       0x00000030       0x31 src/FreeRTOS/Source/queue.o
 .comment       0x00000030       0x31 src/FreeRTOS/Source/tasks.o
 .comment       0x00000030       0x31 d:/ict engineering/atmel/7.0/toolchain/avr8/avr8-gnu-toolchain/bin/../lib/gcc/avr/4.9.2/../../../../avr/lib/avr5\libc.a(malloc.o)
 .comment       0x00000030       0x31 d:/ict engineering/atmel/7.0/toolchain/avr8/avr8-gnu-toolchain/bin/../lib/gcc/avr/4.9.2/../../../../avr/lib/avr5\libc.a(rand.o)

.note.gnu.avr.deviceinfo
                0x00000000       0x40
 .note.gnu.avr.deviceinfo
                0x00000000       0x40 D:/ICT engineering/Atmel/7.0/Packs/atmel/ATmega_DFP/1.0.106/gcc/dev/atmega324pa/avr5/crtatmega324pa.o

.note.gnu.build-id
 *(.note.gnu.build-id)

.debug
 *(.debug)

.line
 *(.line)

.debug_srcinfo
 *(.debug_srcinfo)

.debug_sfnames
 *(.debug_sfnames)

.debug_aranges  0x00000000      0x4a0
 *(.debug_aranges)
 .debug_aranges
                0x00000000       0x98 main.o
 .debug_aranges
                0x00000098       0x58 src/board/board.o
 .debug_aranges
                0x000000f0       0x48 src/buffer/buffer.o
 .debug_aranges
                0x00000138       0x40 src/FreeRTOS/Source/list.o
 .debug_aranges
                0x00000178       0x48 src/FreeRTOS/Source/portable/GCC/ATMega324/port.o
 .debug_aranges
                0x000001c0       0x38 src/FreeRTOS/Source/portable/MemMang/heap_1.o
 .debug_aranges
                0x000001f8       0x50 src/serial/serial.o
 .debug_aranges
                0x00000248       0xe0 src/FreeRTOS/Source/queue.o
 .debug_aranges
                0x00000328      0x178 src/FreeRTOS/Source/tasks.o

.debug_pubnames
 *(.debug_pubnames)

.debug_info     0x00000000     0x57a3
 *(.debug_info .gnu.linkonce.wi.*)
 .debug_info    0x00000000      0xcbb main.o
 .debug_info    0x00000cbb      0x545 src/board/board.o
 .debug_info    0x00001200      0x20d src/buffer/buffer.o
 .debug_info    0x0000140d      0x2cd src/FreeRTOS/Source/list.o
 .debug_info    0x000016da      0x261 src/FreeRTOS/Source/portable/GCC/ATMega324/port.o
 .debug_info    0x0000193b      0x1ad src/FreeRTOS/Source/portable/MemMang/heap_1.o
 .debug_info    0x00001ae8      0x58c src/serial/serial.o
 .debug_info    0x00002074     0x1632 src/FreeRTOS/Source/queue.o
 .debug_info    0x000036a6     0x20fd src/FreeRTOS/Source/tasks.o

.debug_abbrev   0x00000000     0x123f
 *(.debug_abbrev)
 .debug_abbrev  0x00000000      0x33c main.o
 .debug_abbrev  0x0000033c      0x1df src/board/board.o
 .debug_abbrev  0x0000051b       0xde src/buffer/buffer.o
 .debug_abbrev  0x000005f9       0xf8 src/FreeRTOS/Source/list.o
 .debug_abbrev  0x000006f1      0x167 src/FreeRTOS/Source/portable/GCC/ATMega324/port.o
 .debug_abbrev  0x00000858      0x12e src/FreeRTOS/Source/portable/MemMang/heap_1.o
 .debug_abbrev  0x00000986      0x20c src/serial/serial.o
 .debug_abbrev  0x00000b92      0x301 src/FreeRTOS/Source/queue.o
 .debug_abbrev  0x00000e93      0x3ac src/FreeRTOS/Source/tasks.o

.debug_line     0x00000000     0x2ffa
 *(.debug_line .debug_line.* .debug_line_end)
 .debug_line    0x00000000      0x5f2 main.o
 .debug_line    0x000005f2      0x279 src/board/board.o
 .debug_line    0x0000086b      0x186 src/buffer/buffer.o
 .debug_line    0x000009f1      0x21f src/FreeRTOS/Source/list.o
 .debug_line    0x00000c10      0x2c5 src/FreeRTOS/Source/portable/GCC/ATMega324/port.o
 .debug_line    0x00000ed5      0x208 src/FreeRTOS/Source/portable/MemMang/heap_1.o
 .debug_line    0x000010dd      0x2ff src/serial/serial.o
 .debug_line    0x000013dc      0xad2 src/FreeRTOS/Source/queue.o
 .debug_line    0x00001eae     0x114c src/FreeRTOS/Source/tasks.o

.debug_frame    0x00000000      0xf08
 *(.debug_frame)
 .debug_frame   0x00000000      0x164 main.o
 .debug_frame   0x00000164      0x114 src/board/board.o
 .debug_frame   0x00000278       0x74 src/buffer/buffer.o
 .debug_frame   0x000002ec       0x88 src/FreeRTOS/Source/list.o
 .debug_frame   0x00000374       0x74 src/FreeRTOS/Source/portable/GCC/ATMega324/port.o
 .debug_frame   0x000003e8       0x60 src/FreeRTOS/Source/portable/MemMang/heap_1.o
 .debug_frame   0x00000448      0x248 src/serial/serial.o
 .debug_frame   0x00000690      0x328 src/FreeRTOS/Source/queue.o
 .debug_frame   0x000009b8      0x550 src/FreeRTOS/Source/tasks.o

.debug_str      0x00000000     0x1995
 *(.debug_str)
 .debug_str     0x00000000      0x403 main.o
                                0x456 (size before relaxing)
 .debug_str     0x00000403      0x267 src/board/board.o
                                0x43f (size before relaxing)
 .debug_str     0x0000066a       0x67 src/buffer/buffer.o
                                0x214 (size before relaxing)
 .debug_str     0x000006d1      0x13b src/FreeRTOS/Source/list.o
                                0x2b5 (size before relaxing)
 .debug_str     0x0000080c      0x11b src/FreeRTOS/Source/portable/GCC/ATMega324/port.o
                                0x2c6 (size before relaxing)
 .debug_str     0x00000927       0xd2 src/FreeRTOS/Source/portable/MemMang/heap_1.o
                                0x242 (size before relaxing)
 .debug_str     0x000009f9       0xf4 src/serial/serial.o
                                0x40e (size before relaxing)
 .debug_str     0x00000aed      0x53b src/FreeRTOS/Source/queue.o
                                0x853 (size before relaxing)
 .debug_str     0x00001028      0x96d src/FreeRTOS/Source/tasks.o
                                0xec3 (size before relaxing)

.debug_loc      0x00000000     0x56f7
 *(.debug_loc)
 .debug_loc     0x00000000      0x451 main.o
 .debug_loc     0x00000451      0x2bb src/board/board.o
 .debug_loc     0x0000070c       0xc0 src/buffer/buffer.o
 .debug_loc     0x000007cc      0x145 src/FreeRTOS/Source/list.o
 .debug_loc     0x00000911      0x2ac src/FreeRTOS/Source/portable/GCC/ATMega324/port.o
 .debug_loc     0x00000bbd       0xf1 src/FreeRTOS/Source/portable/MemMang/heap_1.o
 .debug_loc     0x00000cae      0x916 src/serial/serial.o
 .debug_loc     0x000015c4     0x1d9f src/FreeRTOS/Source/queue.o
 .debug_loc     0x00003363     0x2394 src/FreeRTOS/Source/tasks.o

.debug_macinfo
 *(.debug_macinfo)

.debug_weaknames
 *(.debug_weaknames)

.debug_funcnames
 *(.debug_funcnames)

.debug_typenames
 *(.debug_typenames)

.debug_varnames
 *(.debug_varnames)

.debug_pubtypes
 *(.debug_pubtypes)

.debug_ranges   0x00000000      0x5c8
 *(.debug_ranges)
 .debug_ranges  0x00000000      0x138 main.o
 .debug_ranges  0x00000138       0x48 src/board/board.o
 .debug_ranges  0x00000180       0x38 src/buffer/buffer.o
 .debug_ranges  0x000001b8       0x30 src/FreeRTOS/Source/list.o
 .debug_ranges  0x000001e8       0x38 src/FreeRTOS/Source/portable/GCC/ATMega324/port.o
 .debug_ranges  0x00000220       0x28 src/FreeRTOS/Source/portable/MemMang/heap_1.o
 .debug_ranges  0x00000248       0x58 src/serial/serial.o
 .debug_ranges  0x000002a0      0x148 src/FreeRTOS/Source/queue.o
 .debug_ranges  0x000003e8      0x1e0 src/FreeRTOS/Source/tasks.o

.debug_macro
 *(.debug_macro)
OUTPUT(FirstTest.elf elf32-avr)
LOAD linker stubs
